// Jest Snapshot v1, https://goo.gl/fbAQLP

exports[`formatters and parsers behavior are consistent 1`] = `
Array [
  Object {
    "index": 36,
    "url": "note://foo-bar",
  },
  Object {
    "index": 68,
    "url": "res://baz-qux",
  },
]
`;
